
 0 1; 1 0 

[[aᵖ s][-1 2³]]

((0 1)(1 0))

|0 1; 1 0|
